  main.cpp
C:\Users\henry\source\repos\asg\asg\main.cpp(33,33): warning C4305: 'initializing': truncation from 'double' to 'float'
C:\Users\henry\source\repos\asg\asg\main.cpp(56,19): warning C4305: 'initializing': truncation from 'double' to 'float'
C:\Users\henry\source\repos\asg\asg\main.cpp(526,15): warning C4305: '+=': truncation from 'double' to 'float'
C:\Users\henry\source\repos\asg\asg\main.cpp(529,15): warning C4305: '-=': truncation from 'double' to 'float'
C:\Users\henry\source\repos\asg\asg\main.cpp(532,15): warning C4305: '-=': truncation from 'double' to 'float'
C:\Users\henry\source\repos\asg\asg\main.cpp(535,15): warning C4305: '+=': truncation from 'double' to 'float'
C:\Users\henry\source\repos\asg\asg\main.cpp(538,15): warning C4305: '-=': truncation from 'double' to 'float'
C:\Users\henry\source\repos\asg\asg\main.cpp(541,15): warning C4305: '+=': truncation from 'double' to 'float'
C:\Users\henry\source\repos\asg\asg\main.cpp(1112,31): warning C4244: 'argument': conversion from 'double' to 'GLfloat', possible loss of data
C:\Users\henry\source\repos\asg\asg\main.cpp(1612,13): warning C4305: 'argument': truncation from 'double' to 'float'
C:\Users\henry\source\repos\asg\asg\main.cpp(1720,17): warning C4305: 'argument': truncation from 'double' to 'GLfloat'
C:\Users\henry\source\repos\asg\asg\main.cpp(1889,67): warning C4244: 'argument': conversion from 'double' to 'int', possible loss of data
C:\Users\henry\source\repos\asg\asg\main.cpp(1890,68): warning C4244: 'argument': conversion from 'double' to 'int', possible loss of data
C:\Users\henry\source\repos\asg\asg\main.cpp(1891,68): warning C4244: 'argument': conversion from 'double' to 'int', possible loss of data
C:\Users\henry\source\repos\asg\asg\main.cpp(2153,46): warning C4305: 'argument': truncation from 'double' to 'GLfloat'
C:\Users\henry\source\repos\asg\asg\main.cpp(2153,41): warning C4305: 'argument': truncation from 'double' to 'GLfloat'
C:\Users\henry\source\repos\asg\asg\main.cpp(2244,26): warning C4305: 'argument': truncation from 'double' to 'GLfloat'
C:\Users\henry\source\repos\asg\asg\main.cpp(2429,25): warning C4305: 'argument': truncation from 'double' to 'GLfloat'
C:\Users\henry\source\repos\asg\asg\main.cpp(2429,18): warning C4305: 'argument': truncation from 'double' to 'GLfloat'
C:\Users\henry\source\repos\asg\asg\main.cpp(2518,21): warning C4244: 'argument': conversion from 'double' to 'GLfloat', possible loss of data
C:\Users\henry\source\repos\asg\asg\main.cpp(2520,17): warning C4244: 'argument': conversion from 'int' to 'GLfloat', possible loss of data
C:\Users\henry\source\repos\asg\asg\main.cpp(2531,9): warning C4244: 'argument': conversion from 'int' to 'float', possible loss of data
C:\Users\henry\source\repos\asg\asg\main.cpp(2530,9): warning C4244: 'argument': conversion from 'int' to 'float', possible loss of data
C:\Users\henry\source\repos\asg\asg\main.cpp(2529,9): warning C4244: 'argument': conversion from 'int' to 'float', possible loss of data
C:\Users\henry\source\repos\asg\asg\main.cpp(2966,19): warning C4305: 'argument': truncation from 'double' to 'GLfloat'
C:\Users\henry\source\repos\asg\asg\main.cpp(2966,15): warning C4305: 'argument': truncation from 'double' to 'GLfloat'
C:\Users\henry\source\repos\asg\asg\main.cpp(2967,24): warning C4305: 'argument': truncation from 'double' to 'GLfloat'
C:\Users\henry\source\repos\asg\asg\main.cpp(2969,24): warning C4305: 'argument': truncation from 'double' to 'GLfloat'
C:\Users\henry\source\repos\asg\asg\main.cpp(2969,19): warning C4305: 'argument': truncation from 'double' to 'GLfloat'
C:\Users\henry\source\repos\asg\asg\main.cpp(3018,22): warning C4305: 'argument': truncation from 'double' to 'GLfloat'
C:\Users\henry\source\repos\asg\asg\main.cpp(3272,18): warning C4305: 'argument': truncation from 'double' to 'GLfloat'
C:\Users\henry\source\repos\asg\asg\main.cpp(3509,31): warning C4244: 'initializing': conversion from 'double' to 'float', possible loss of data
C:\Users\henry\source\repos\asg\asg\main.cpp(3509,17): warning C4244: 'initializing': conversion from 'double' to 'const float', possible loss of data
C:\Users\henry\source\repos\asg\asg\main.cpp(3612,33): warning C4305: 'argument': truncation from 'double' to 'GLfloat'
C:\Users\henry\source\repos\asg\asg\main.cpp(3612,24): warning C4244: 'argument': conversion from 'double' to 'GLfloat', possible loss of data
C:\Users\henry\source\repos\asg\asg\main.cpp(3613,22): warning C4305: 'argument': truncation from 'double' to 'GLfloat'
C:\Users\henry\source\repos\asg\asg\main.cpp(3613,17): warning C4305: 'argument': truncation from 'double' to 'GLfloat'
C:\Users\henry\source\repos\asg\asg\main.cpp(3613,12): warning C4305: 'argument': truncation from 'double' to 'GLfloat'
C:\Users\henry\source\repos\asg\asg\main.cpp(3678,18): warning C4305: 'argument': truncation from 'double' to 'GLfloat'
C:\Users\henry\source\repos\asg\asg\main.cpp(3724,15): warning C4305: 'argument': truncation from 'double' to 'GLfloat'
C:\Users\henry\source\repos\asg\asg\main.cpp(3734,15): warning C4305: 'argument': truncation from 'double' to 'GLfloat'
C:\Users\henry\source\repos\asg\asg\main.cpp(3744,15): warning C4305: 'argument': truncation from 'double' to 'GLfloat'
C:\Users\henry\source\repos\asg\asg\main.cpp(3747,27): warning C4305: 'argument': truncation from 'double' to 'GLfloat'
C:\Users\henry\source\repos\asg\asg\main.cpp(3747,20): warning C4305: 'argument': truncation from 'double' to 'GLfloat'
C:\Users\henry\source\repos\asg\asg\main.cpp(3747,15): warning C4305: 'argument': truncation from 'double' to 'GLfloat'
C:\Users\henry\source\repos\asg\asg\main.cpp(3757,20): warning C4305: 'argument': truncation from 'double' to 'GLfloat'
C:\Users\henry\source\repos\asg\asg\main.cpp(3757,15): warning C4305: 'argument': truncation from 'double' to 'GLfloat'
C:\Users\henry\source\repos\asg\asg\main.cpp(3774,15): warning C4305: 'argument': truncation from 'double' to 'GLfloat'
C:\Users\henry\source\repos\asg\asg\main.cpp(3792,23): warning C4244: 'argument': conversion from 'int' to 'float', possible loss of data
C:\Users\henry\source\repos\asg\asg\main.cpp(3792,15): warning C4244: 'argument': conversion from 'int' to 'float', possible loss of data
C:\Users\henry\source\repos\asg\asg\main.cpp(3792,7): warning C4244: 'argument': conversion from 'int' to 'float', possible loss of data
C:\Users\henry\source\repos\asg\asg\main.cpp(3789,28): warning C4244: 'argument': conversion from 'int' to 'float', possible loss of data
C:\Users\henry\source\repos\asg\asg\main.cpp(3789,21): warning C4244: 'argument': conversion from 'int' to 'float', possible loss of data
C:\Users\henry\source\repos\asg\asg\main.cpp(3798,23): warning C4244: 'argument': conversion from 'int' to 'float', possible loss of data
C:\Users\henry\source\repos\asg\asg\main.cpp(3798,15): warning C4244: 'argument': conversion from 'int' to 'float', possible loss of data
C:\Users\henry\source\repos\asg\asg\main.cpp(3798,7): warning C4244: 'argument': conversion from 'int' to 'float', possible loss of data
C:\Users\henry\source\repos\asg\asg\main.cpp(3795,30): warning C4244: 'argument': conversion from 'int' to 'float', possible loss of data
C:\Users\henry\source\repos\asg\asg\main.cpp(4058,24): warning C4305: 'argument': truncation from 'double' to 'GLfloat'
C:\Users\henry\source\repos\asg\asg\main.cpp(4058,18): warning C4305: 'argument': truncation from 'double' to 'GLfloat'
C:\Users\henry\source\repos\asg\asg\main.cpp(4265,24): warning C4305: 'argument': truncation from 'double' to 'GLfloat'
C:\Users\henry\source\repos\asg\asg\main.cpp(4265,15): warning C4305: 'argument': truncation from 'double' to 'GLfloat'
C:\Users\henry\source\repos\asg\asg\main.cpp(4343,23): warning C4305: 'argument': truncation from 'double' to 'GLclampf'
C:\Users\henry\source\repos\asg\asg\main.cpp(4343,19): warning C4305: 'argument': truncation from 'double' to 'GLclampf'
C:\Users\henry\source\repos\asg\asg\main.cpp(4343,15): warning C4305: 'argument': truncation from 'double' to 'GLclampf'
  asg.vcxproj -> C:\Users\henry\source\repos\asg\x64\Debug\asg.exe
